python : Creating test 
database for alias 
'default'...
At line:1 char:1
+ python manage.py test ca
talog.tests_discount.Produ
ctDiscountTest > te ...
+ ~~~~~~~~~~~~~~~~~~~~~~~~
~~~~~~~~~~~~~~~~~~~~~~~~~~
~~~~~~~~~~~~~~~~~~~
    + CategoryInfo        
      : NotSpecified: (C  
  reating test d...as '   
 default'...:String) [    
], RemoteException
    + FullyQualifiedError 
   Id : NativeCommandErr  
  or
 

EE.
==========================
==========================
==================
ERROR: test_compare_at_pri
ce_fallback (catalog.tests
_discount.ProductDiscountT
est)
Test that current price 
moves to compare_at_price 
if not set.
--------------------------
--------------------------
------------------
Traceback (most recent 
call last):
  File "D:\Django_projects
\medium_online_store\catal
og\tests_discount.py", 
line 32, in test_compare_a
t_price_fallback
    product.save()
  File "D:\Django_projects
\medium_online_store\catal
og\models.py", line 66, 
in save
    self.price = 
self.compare_at_price * 
discount_factor
TypeError: unsupported 
operand type(s) for *: 
'decimal.Decimal' and 
'float'

==========================
==========================
==================
ERROR: 
test_discount_calculation 
(catalog.tests_discount.Pr
oductDiscountTest)
Test that price is 
calculated correctly when 
discount_percentage is 
set.
--------------------------
--------------------------
------------------
Traceback (most recent 
call last):
  File "D:\Django_projects
\medium_online_store\catal
og\tests_discount.py", 
line 18, in 
test_discount_calculation
    product.save()
  File "D:\Django_projects
\medium_online_store\catal
og\models.py", line 66, 
in save
    self.price = 
self.compare_at_price * 
discount_factor
TypeError: unsupported 
operand type(s) for *: 
'decimal.Decimal' and 
'float'

--------------------------
--------------------------
------------------
Ran 3 tests in 0.012s

FAILED (errors=2)
Destroying test database 
for alias 'default'...

Found 3 test(s).
System check identified no issues (0 silenced).
